// Jest Snapshot v1, https://goo.gl/fbAQLP

exports[`ProjectBudgetBoard component snapshot should match 1`] = `
<div
  className="project__budgetBoard"
>
  <table
    className="board__table"
  >
    <thead>
      <tr>
        <th>
          ref
        </th>
        <th>
          description
        </th>
        <th>
          unit
        </th>
        <th>
          quantity
        </th>
        <th>
          unit_price
        </th>
        <th>
          amount
        </th>
      </tr>
    </thead>
    <tbody>
      <tr>
        <td>
          d934laa
        </td>
        <td>
          Dummy position
        </td>
        <td>
          m
        </td>
        <td>
          198.12
        </td>
        <td>
          2030
        </td>
        <td>
          402184
        </td>
      </tr>
      <tr>
        <td>
          d93y900
        </td>
        <td>
          Dummy position
        </td>
        <td>
          m2
        </td>
        <td>
          10.5
        </td>
        <td>
          12410
        </td>
        <td>
          130305
        </td>
      </tr>
      <tr>
        <td>
          ds64ls7
        </td>
        <td>
          Dummy position
        </td>
        <td>
          m
        </td>
        <td>
          340
        </td>
        <td>
          536
        </td>
        <td>
          185456
        </td>
      </tr>
      <tr>
        <td>
          5934ls3
        </td>
        <td>
          Dummy position
        </td>
        <td>
          m
        </td>
        <td>
          28
        </td>
        <td>
          1374
        </td>
        <td>
          38742
        </td>
      </tr>
      <tr>
        <td>
          r935ls3
        </td>
        <td>
          Dummy position
        </td>
        <td>
          m2
        </td>
        <td>
          4.3
        </td>
        <td>
          1000
        </td>
        <td>
          4300
        </td>
      </tr>
      <tr>
        <td>
          dav57s3
        </td>
        <td>
          Dummy position
        </td>
        <td>
          m
        </td>
        <td>
          1
        </td>
        <td>
          208500
        </td>
        <td>
          208500
        </td>
      </tr>
      <tr>
        <td>
          2934ls6
        </td>
        <td>
          Dummy position
        </td>
        <td>
          m
        </td>
        <td>
          125
        </td>
        <td>
          260
        </td>
        <td>
          32500
        </td>
      </tr>
      <tr>
        <td>
          d2835s3
        </td>
        <td>
          Dummy position
        </td>
        <td>
          m
        </td>
        <td>
          56
        </td>
        <td>
          956
        </td>
        <td>
          53536
        </td>
      </tr>
      <tr>
        <td>
          h934fas
        </td>
        <td>
          Dummy position
        </td>
        <td>
          m
        </td>
        <td>
          11
        </td>
        <td>
          125
        </td>
        <td>
          1375
        </td>
      </tr>
      <tr>
        <td>
          gfrt6s3
        </td>
        <td>
          Dummy position
        </td>
        <td>
          m
        </td>
        <td>
          12.5
        </td>
        <td>
          5634
        </td>
        <td>
          70425
        </td>
      </tr>
    </tbody>
  </table>
</div>
`;
